    Finished `test` profile [unoptimized + debuginfo] target(s) in 0.06s
     Running unittests src/lib.rs (target/debug/deps/xzagentz-40dc3d56ffa3f58f)

running 689 tests
test application::error::tests::test_error_display ... ok
test application::error::tests::test_architecture_not_found ... ok
test application::error::tests::test_cancelled ... ok
test application::error::tests::test_generation_error ... ok
test application::error::tests::test_invalid_output_path ... ok
test application::error::tests::test_interactive_error ... ok
test application::error::tests::test_model_not_found ... ok
test application::error::tests::test_ollama_unavailable ... ok
test application::error::tests::test_io_error_conversion ... ok
test application::error::tests::test_output_exists ... ok
test application::error::tests::test_read_architecture_error ... ok
test application::error::tests::test_validation_error ... ok
test application::error::tests::test_write_error ... ok
test application::interactive_session::tests::test_interactive_config_default ... ok
test application::interactive_session::tests::test_new_interactive_session ... ok
test application::interactive_session::tests::test_print_methods_without_colors ... ok
test application::interactive_session::tests::test_print_methods_with_colors ... ok
test application::interactive_session::tests::test_print_plan_summary ... ok
test application::planning_service::tests::test_generate_implementation_plan_generation_error ... ok
test application::planning_service::tests::test_generate_implementation_plan_parse_error ... ok
test application::planning_service::tests::test_generate_and_save_plan_write_fails ... ok
test application::planning_service::tests::test_generate_and_save_plan_generation_fails ... ok
test application::planning_service::tests::test_generate_implementation_plan_success ... ok
test application::planning_service::tests::test_generate_and_save_plan_success ... ok
test application::planning_service::tests::test_new_planning_service ... ok
test application::planning_service::tests::test_generate_implementation_plan_with_num_phases ... ok
test application::planning_service::tests::test_parse_architecture_file_not_found ... ok
test application::planning_service::tests::test_parse_architecture_file_parse_error ... ok
test application::planning_service::tests::test_parse_architecture_file_success ... ok
test application::planning_service::tests::test_save_plan_file_exists_no_force ... ok
test application::planning_service::tests::test_save_plan_file_exists_with_force ... ok
test application::planning_service::tests::test_save_plan_success ... ok
test application::planning_service::tests::test_save_plan_write_error ... ok
test cli::add::tests::test_add_options_new ... ok
test cli::add::tests::test_add_options_with_component ... ok
test cli::add::tests::test_add_options_with_level ... ok
test cli::add::tests::test_add_new_section ... ok
test cli::add::tests::test_add_at_beginning ... ok
test cli::add::tests::test_add_before_section ... ok
test cli::add::tests::test_add_maintains_order ... ok
test cli::add::tests::test_add_prevents_duplicates ... ok
test cli::add::tests::test_add_to_empty_file ... ok
test cli::add::tests::test_add_with_placeholders ... ok
test cli::add::tests::test_create_section ... ok
test cli::create::tests::test_create_command_new ... ok
test cli::create::tests::test_component_composer_compose ... ok
test cli::create::tests::test_filter_language_sections_python_only ... ok
test cli::add::tests::test_allow_duplicates ... ok
test cli::add::tests::test_get_section_content_requires_input ... ok
test cli::create::tests::test_project_metadata_default ... ok
test cli::add::tests::test_position_enum ... ok
test cli::create::tests::test_filter_language_sections_rust_only ... ok
test cli::init::tests::test_check_conflicts_empty ... ok
test cli::implementation::tests::test_architecture_and_output_optional ... ok
test cli::implementation::tests::test_parse_no_color ... ok
test cli::implementation::tests::test_default_values ... ok
test cli::implementation::tests::test_parse_custom_ollama_url ... ok
test cli::implementation::tests::test_parse_force_flag ... ok
test cli::implementation::tests::test_parse_num_phases ... ok
test cli::implementation::tests::test_parse_yes_flag ... ok
test cli::create::tests::test_readme_parser_detect_language ... ok
test cli::create::tests::test_metadata_to_placeholder_map ... ok
test cli::create::tests::test_file_creator_get_backup_path ... ok
test cli::create::tests::test_readme_parser_extract_first_heading ... ok
test cli::init::tests::test_init_command_new ... ok
test cli::init::tests::test_init_config_default ... ok
test cli::list::tests::test_component_info_display ... ok
test cli::implementation::tests::test_parse_non_interactive ... ok
test cli::implementation::tests::test_parse_no_progress ... ok
test cli::list::tests::test_list_templates ... ok
test cli::create::tests::test_readme_parser_infer_project_type ... ok
test cli::implementation::tests::test_parse_interactive ... ok
test cli::list::tests::test_list_components ... ok
test cli::init::tests::test_execute_uses_defaults ... ok
test cli::output::tests::test_output_format_is_human ... ok
test cli::create::tests::test_filter_language_sections_no_markers ... ok
test cli::output::tests::test_output_format_is_json ... ok
test cli::init::tests::test_init_result_has_extractions ... ok
test cli::init::tests::test_init_result_no_extractions ... ok
test cli::init::tests::test_execute_dry_run ... ok
test cli::prompt::tests::test_generate_args_defaults ... ok
test cli::output::tests::test_print_output_human ... ok
test cli::update::tests::test_get_replacement_content_requires_input ... ok
test cli::output::tests::test_print_output_json ... ok
test cli::update::tests::test_render_content_without_placeholders ... ok
test cli::update::tests::test_replace_section_content ... ok
test cli::implementation::tests::test_parse_skip_health_check ... ok
test cli::init::tests::test_execute_with_conflicts_no_force ... ok
test cli::update::tests::test_update_nonexistent_section ... ok
test cli::init::tests::test_extract_components_creates_directory ... ok
test cli::init::tests::test_check_conflicts_with_existing ... ok
test cli::init::tests::test_extract_templates_creates_directory ... ok
test cli::update::tests::test_update_creates_backup ... ok
test cli::update::tests::test_update_options_with_content ... ok
test cli::init::tests::test_execute_with_temp_dirs ... ok
test cli::update::tests::test_update_existing_section ... ok
test cli::validate::tests::test_check_yaml_extensions ... ok
test cli::init::tests::test_execute_function ... ok
test cli::validate::tests::test_validate_missing_file ... ok
test cli::update::tests::test_render_content_with_placeholders ... ok
test cli::update::tests::test_update_preserves_other_sections ... ok
test cli::prompt::tests::test_prompt_args_structure ... ok
test cli::validate::tests::test_validation_report_display ... ok
test cli::validate::tests::test_validation_report_is_valid ... ok
test cli::update::tests::test_update_options_with_component ... ok
test cli::update::tests::test_update_options_new ... ok
test cli::tests::test_parse_list_components ... ok
test cli::update::tests::test_get_replacement_content_from_custom ... ok
test cli::init::tests::test_execute_with_conflicts_force ... ok
test cli::tests::test_parse_validate ... ok
test components::language_filter::tests::test_filter_content_empty ... ok
test components::loader::tests::test_default_loader ... ok
test components::loader::tests::test_component_caching ... ok
test components::loader::tests::test_list_empty_directory ... ok
test components::loader::tests::test_clear_cache ... ok
test components::loader::tests::test_list_components ... ok
test components::loader::tests::test_load_component_not_found ... ok
test components::loader::tests::test_load_all_components_in_category ... ok
test cli::tests::test_verbose_flag ... ok
test components::language_filter::tests::test_language_section_equality ... ok
test cli::tests::test_json_format ... ok
test cli::validate::tests::test_check_code_blocks ... ok
test components::loader::tests::test_strip_yaml_frontmatter_empty ... ok
test components::loader::tests::test_strip_yaml_frontmatter_with_frontmatter ... ok
test components::loader::tests::test_strip_yaml_frontmatter_with_component_metadata ... ok
test components::metadata::tests::test_is_valid_semver ... ok
test components::loader::tests::test_load_component_success ... ok
test components::metadata::tests::test_parse_frontmatter_missing_closing_delimiter ... ok
test components::loader::tests::test_strip_yaml_frontmatter_unclosed ... ok
test components::loader::tests::test_load_multiple_types ... ok
test components::metadata::tests::test_parse_frontmatter_missing_delimiter ... ok
test components::language_filter::tests::test_filter_content_no_sections ... ok
test components::metadata::tests::test_parse_frontmatter_invalid_yaml ... ok
test components::loader::tests::test_strip_yaml_frontmatter_without_frontmatter ... ok
test components::language_filter::tests::test_has_language_sections ... ok
test components::metadata::tests::test_validate_empty_name ... ok
test components::metadata::tests::test_parse_frontmatter_with_tier ... ok
test components::metadata::tests::test_parse_frontmatter_success ... ok
test components::metadata::tests::test_section_metadata ... ok
test components::metadata::tests::test_has_frontmatter ... ok
test components::metadata::tests::test_validate_invalid_category ... ok
test components::metadata::tests::test_validate_invalid_tier ... ok
test components::metadata::tests::test_validate_invalid_version ... ok
test components::metadata::tests::test_validate_success ... ok
test components::metadata::tests::test_validate_valid_tier ... ok
test components::renderer::tests::test_check_size_limits_fail ... ok
test components::renderer::tests::test_check_size_limits_no_limit ... ok
test components::renderer::tests::test_check_size_limits_pass ... ok
test components::renderer::tests::test_render_config_builder ... ok
test components::renderer::tests::test_render_config_new ... ok
test components::renderer::tests::test_render_empty_content ... ok
test components::renderer::tests::test_render_simple_content ... ok
test components::renderer::tests::test_render_stats_from_content ... ok
test components::renderer::tests::test_render_with_size_limit_strict ... ok
test components::renderer::tests::test_render_with_size_limit_warning ... ok
test components::renderer::tests::test_render_with_metadata_included ... ok
test components::renderer::tests::test_render_with_frontmatter ... ok
test components::resolution::tests::test_default_components_dir_with_home ... ok
test cli::validate::tests::test_check_emojis ... ok
test components::resolution::tests::test_custom_dir_takes_precedence ... ok
test components::resolution::tests::test_default_components_dir_without_home ... ok
test components::resolution::tests::test_resolve_fallback_to_embedded ... ok
test components::resolution::tests::test_resolve_with_custom_dir_nonexistent ... ok
test components::resolution::tests::test_resolve_with_custom_dir_existing ... ok
test components::resolution::tests::test_resource_source_embedded ... ok
test components::resolution::tests::test_resolve_with_env_var ... ok
test components::resolution::tests::test_resource_source_equality ... ok
test components::language_filter::tests::test_parse_sections_unclosed ... ok
test components::resolution::tests::test_resource_source_filesystem ... ok
test components::resolution::tests::test_resolve_with_xdg_data_home ... ok
test components::tests::test_component_clone ... ok
test components::language_filter::tests::test_parse_sections_success ... ok
test components::tests::test_component_heading_level ... ok
test components::tests::test_component_is_empty ... ok
test components::language_filter::tests::test_available_languages_with_fallback ... ok
test components::tests::test_component_new ... ok
test components::renderer::tests::test_render_with_fallback_content ... ok
test components::language_filter::tests::test_marker_patterns ... ok
test components::language_filter::tests::test_filter_rust_content ... ok
test components::language_filter::tests::test_filter_without_fallback ... ok
test components::language_filter::tests::test_parse_sections_nested ... ok
test components::language_filter::tests::test_filter_multiple_same_language ... ok
test components::renderer::tests::test_render_without_fallback ... ok
test components::tests::test_component_with_metadata ... ok
test components::renderer::tests::test_render_no_matching_language ... ok
test components::language_filter::tests::test_available_languages ... ok
test components::renderer::tests::test_render_with_stats ... ok
test components::renderer::tests::test_render_with_language_sections ... ok
test components::language_filter::tests::test_filter_with_fallback ... ok
test components::tests::test_component_word_count ... ok
test components::validator::tests::test_validation_result ... ok
test config::app_config::tests::test_config_builder ... ok
test config::app_config::tests::test_default_config ... ok
test config::app_config::tests::test_validation_empty_model ... ok
test config::app_config::tests::test_load_nonexistent_returns_default ... ok
test config::app_config::tests::test_validation_empty_url ... ok
test config::app_config::tests::test_validation_invalid_format ... ok
test config::app_config::tests::test_validation_valid_formats ... ok
test config::app_config::tests::test_validation_zero_timeout ... ok
test components::tests::test_component_title ... ok
test config::project::tests::test_add_component ... ok
test config::project::tests::test_add_component_no_duplicates ... ok
test config::app_config::tests::test_save_and_load_config ... ok
test config::app_config::tests::test_yaml_deserialization ... ok
test config::project::tests::test_add_placeholder ... ok
test config::project::tests::test_component_config_default ... ok
test config::project::tests::test_config_validation ... ok
test config::project::tests::test_default_components_dir ... ok
test config::project::tests::test_default_config_dir ... ok
test config::project::tests::test_default_options ... ok
test config::project::tests::test_default_templates_dir ... ok
test config::app_config::tests::test_yaml_serialization ... ok
test config::project::tests::test_missing_config_error ... ok
test config::project::tests::test_new_project_config ... ok
test config::project::tests::test_invalid_toml_error ... ok
test config::project::tests::test_config_migration ... ok
test config::resolution::tests::test_custom_dir_precedence_in_resolve ... ok
test config::resolution::tests::test_default_components_dir ... ok
test config::resolution::tests::test_default_config_dir_with_env_var ... ok
test config::resolution::tests::test_default_config_dir_with_home ... ok
test config::resolution::tests::test_default_config_dir_with_xdg ... ok
test config::resolution::tests::test_default_config_dir_without_home ... ok
test config::resolution::tests::test_default_resource_dirs ... ok
test config::project::tests::test_save_project_config ... ok
test config::resolution::tests::test_default_templates_dir ... ok
test config::resolution::tests::test_env_var_precedence ... ok
test config::resolution::tests::test_resolve_config_dir_with_custom ... ok
test config::resolution::tests::test_resolve_config_dir_without_custom ... ok
test core::tests::test_component_type_all ... ok
test config::project::tests::test_load_project_config ... ok
test core::tests::test_component_type_as_str ... ok
test core::tests::test_component_type_display ... ok
test core::tests::test_component_type_from_path ... ok
test core::tests::test_component_type_from_str ... ok
test core::tests::test_project_config_new ... ok
test core::tests::test_project_metadata_new ... ok
test core::tests::test_project_metadata_to_placeholders ... ok
test cli::validate::tests::test_validate_valid_file ... ok
test core::tests::test_project_metadata_validation ... ok
test core::tests::test_template_config_default ... ok
test core::tests::test_template_config_new ... ok
test core::tests::test_template_config_validate ... ok
test domain::planning::architecture::tests::test_architecture_document_add_section ... ok
test domain::planning::architecture::tests::test_architecture_document_new ... ok
test domain::planning::architecture::tests::test_architecture_document_validation ... ok
test domain::planning::architecture::tests::test_architecture_document_with_description ... ok
test domain::planning::architecture::tests::test_component_new ... ok
test domain::planning::architecture::tests::test_component_validation ... ok
test domain::planning::architecture::tests::test_component_with_description ... ok
test domain::planning::architecture::tests::test_requirement_new ... ok
test domain::planning::architecture::tests::test_requirement_validation ... ok
test domain::planning::architecture::tests::test_requirement_with_category ... ok
test domain::planning::architecture::tests::test_section_new ... ok
test domain::planning::architecture::tests::test_section_validation ... ok
test domain::planning::architecture::tests::test_section_with_content ... ok
test domain::planning::architecture::tests::test_section_with_subsections ... ok
test domain::planning::models::tests::test_metadata_generated_at ... ok
test domain::planning::models::tests::test_metadata_new ... ok
test domain::planning::architecture::tests::test_serialization ... ok
test components::validator::tests::test_short_content_warning ... ok
test components::validator::tests::test_multiple_code_blocks ... ok
test domain::planning::models::tests::test_metadata_with_version ... ok
test components::validator::tests::test_unclosed_code_block ... ok
test components::validator::tests::test_validator_with_custom_settings ... ok
test components::validator::tests::test_detect_missing_language_identifier ... ok
test components::validator::tests::test_validate_or_error ... ok
test components::validator::tests::test_validate_component_structure ... ok
test components::validator::tests::test_detect_emoji_usage ... ok
test domain::planning::models::tests::test_plan_new ... ok
test domain::planning::models::tests::test_plan_total_tasks ... ok
test components::validator::tests::test_validate_placeholder_format ... ok
test domain::planning::models::tests::test_plan_serialization ... ok
test domain::planning::models::tests::test_plan_validation_circular_dependency ... ok
test domain::planning::models::tests::test_plan_validation_empty_title ... ok
test domain::planning::models::tests::test_plan_validation_invalid_dependency ... ok
test domain::planning::models::tests::test_plan_validation_no_phases ... ok
test domain::planning::models::tests::test_plan_metadata_accessors ... ok
test domain::planning::models::tests::test_plan_validation_success ... ok
test domain::planning::models::tests::test_plan_validation_valid_dependencies ... ok
test domain::planning::models::tests::test_plan_with_phases ... ok
test domain::planning::phase::tests::test_phase_add_dependency ... ok
test domain::planning::phase::tests::test_phase_id_display ... ok
test domain::planning::phase::tests::test_phase_add_task ... ok
test domain::planning::phase::tests::test_phase_builder_pattern ... ok
test domain::planning::phase::tests::test_phase_id_equality ... ok
test domain::planning::phase::tests::test_phase_id_from_str ... ok
test domain::planning::phase::tests::test_phase_id_from_string ... ok
test domain::planning::phase::tests::test_phase_is_root ... ok
test domain::planning::phase::tests::test_phase_id_new ... ok
test domain::planning::phase::tests::test_phase_serialization ... ok
test domain::planning::phase::tests::test_phase_new ... ok
test domain::planning::phase::tests::test_phase_validation_empty_description ... ok
test domain::planning::phase::tests::test_phase_validation_empty_id ... ok
test domain::planning::phase::tests::test_phase_validation_empty_name ... ok
test domain::planning::phase::tests::test_phase_validation_success ... ok
test domain::planning::phase::tests::test_phase_validation_with_invalid_task ... ok
test domain::planning::phase::tests::test_phase_with_dependencies ... ok
test domain::planning::phase::tests::test_phase_with_estimated_duration ... ok
test domain::planning::phase::tests::test_phase_with_tasks ... ok
test domain::planning::task::tests::test_task_add_acceptance_criterion ... ok
test domain::planning::task::tests::test_task_add_component ... ok
test domain::planning::task::tests::test_task_builder_pattern ... ok
test domain::planning::task::tests::test_task_counts ... ok
test domain::planning::task::tests::test_task_equality ... ok
test domain::planning::task::tests::test_task_has_acceptance_criteria ... ok
test domain::planning::task::tests::test_task_has_components ... ok
test domain::planning::task::tests::test_task_new ... ok
test domain::planning::task::tests::test_task_serialization ... ok
test domain::planning::task::tests::test_task_validation_empty_component ... ok
test domain::planning::task::tests::test_task_validation_empty_criterion ... ok
test domain::planning::task::tests::test_task_validation_empty_description ... ok
test domain::planning::task::tests::test_task_validation_empty_name ... ok
test domain::planning::task::tests::test_task_validation_success ... ok
test domain::planning::task::tests::test_task_validation_whitespace_name ... ok
test domain::planning::task::tests::test_task_with_acceptance_criteria ... ok
test domain::planning::task::tests::test_task_with_components ... ok
test domain::planning::tests::test_create_complete_plan ... ok
test domain::planning::tests::test_phase_ordering ... ok
test domain::planning::traits::tests::test_plan_options_builder_pattern ... ok
test domain::planning::traits::tests::test_plan_options_default ... ok
test domain::planning::traits::tests::test_plan_options_equality ... ok
test domain::planning::traits::tests::test_plan_options_new ... ok
test domain::planning::traits::tests::test_plan_options_with_max_tokens ... ok
test domain::planning::traits::tests::test_plan_options_with_model ... ok
test domain::planning::traits::tests::test_plan_options_with_num_phases ... ok
test domain::planning::traits::tests::test_plan_options_with_temperature ... ok
test domain::planning::traits::tests::test_trait_implementations_compile ... ok
test error::tests::test_component_not_found_error ... ok
test error::tests::test_configuration_error ... ok
test error::tests::test_error_chain_preserves_context ... ok
test error::tests::test_file_io_error ... ok
test error::tests::test_file_not_found_error ... ok
test error::tests::test_helper_methods ... ok
test error::tests::test_invalid_project_error ... ok
test error::tests::test_missing_placeholder_error ... ok
test error::tests::test_other_error ... ok
test error::tests::test_plan_validation_error ... ok
test error::tests::test_template_not_found_error ... ok
test error::tests::test_template_parse_error ... ok
test infrastructure::embedded::tests::test_collect_file_paths_empty_prefix ... ok
test infrastructure::embedded::tests::test_collect_file_paths_with_prefix ... ok
test infrastructure::embedded::tests::test_embedded_resources_default ... ok
test infrastructure::embedded::tests::test_embedded_resources_new ... ok
test infrastructure::embedded::tests::test_get_component_nonexistent_returns_none ... ok
test infrastructure::embedded::tests::test_get_component_returns_content ... ok
test infrastructure::embedded::tests::test_get_template_nonexistent_returns_none ... ok
test infrastructure::embedded::tests::test_get_template_returns_content ... ok
test infrastructure::embedded::tests::test_has_component ... ok
test infrastructure::embedded::tests::test_has_template ... ok
test infrastructure::embedded::tests::test_list_components_not_empty ... ok
test infrastructure::embedded::tests::test_list_components_paths_are_relative ... ok
test infrastructure::embedded::tests::test_list_templates_not_empty ... ok
test infrastructure::embedded::tests::test_extract_templates_to ... ok
test infrastructure::embedded::tests::test_list_templates_paths_are_relative ... ok
test infrastructure::embedded::tests::test_extract_components_to ... ok
test infrastructure::embedded::tests::test_extract_creates_parent_directories ... ok
test infrastructure::embedded::tests::test_extract_to_existing_directory ... ok
test infrastructure::embedded::tests::test_extract_all_to ... ok
test infrastructure::embedded::tests::test_extract_components_and_templates_independent ... ok
test infrastructure::fileio::error::tests::test_debug_implementation ... ok
test infrastructure::fileio::error::tests::test_display_implementation ... ok
test infrastructure::embedded::tests::test_extract_preserves_directory_structure ... ok
test infrastructure::fileio::error::tests::test_error_trait_implementation ... ok
test infrastructure::fileio::error::tests::test_file_not_found_error ... ok
test infrastructure::fileio::error::tests::test_from_io_error_not_found ... ok
test infrastructure::fileio::error::tests::test_from_io_error_other ... ok
test infrastructure::fileio::error::tests::test_from_io_error_permission_denied ... ok
test infrastructure::fileio::error::tests::test_parse_error ... ok
test infrastructure::fileio::error::tests::test_invalid_format_error ... ok
test infrastructure::fileio::error::tests::test_permission_denied_error ... ok
test infrastructure::fileio::error::tests::test_read_error ... ok
test infrastructure::fileio::plan_writer::tests::test_clone ... ok
test infrastructure::fileio::error::tests::test_write_error ... ok
test infrastructure::fileio::plan_writer::tests::test_default_trait ... ok
test infrastructure::fileio::error::tests::test_missing_section_error ... ok
test infrastructure::fileio::plan_writer::tests::test_format_plan_acceptance_criteria ... ok
test infrastructure::fileio::plan_writer::tests::test_format_plan_components ... ok
test infrastructure::fileio::plan_writer::tests::test_format_plan_description ... ok
test infrastructure::fileio::plan_writer::tests::test_format_plan_metadata ... ok
test infrastructure::fileio::architecture_parser::tests::test_default_trait ... ok
test infrastructure::fileio::architecture_parser::tests::test_extract_requirements ... ok
test infrastructure::fileio::plan_writer::tests::test_format_plan_tasks ... ok
test infrastructure::fileio::architecture_parser::tests::test_extract_title ... ok
test infrastructure::fileio::architecture_parser::tests::test_clone ... ok
test infrastructure::fileio::architecture_parser::tests::test_parse_empty_content ... ok
test infrastructure::fileio::plan_writer::tests::test_format_plan_phases ... ok
test infrastructure::fileio::architecture_parser::tests::test_extract_title_none ... ok
test infrastructure::fileio::plan_writer::tests::test_format_plan_with_dependencies ... ok
test infrastructure::fileio::plan_writer::tests::test_format_plan_title ... ok
test infrastructure::fileio::architecture_parser::tests::test_parse_components ... ok
test infrastructure::fileio::plan_writer::tests::test_format_plan_with_estimated_duration ... ok
test infrastructure::fileio::plan_writer::tests::test_new_writer ... ok
test infrastructure::fileio::architecture_parser::tests::test_parse_no_title ... ok
test infrastructure::fileio::architecture_parser::tests::test_parse_inline_requirements ... ok
test infrastructure::fileio::architecture_parser::tests::test_extract_components ... ok
test infrastructure::fileio::architecture_parser::tests::test_new_parser ... ok
test infrastructure::fileio::plan_writer::tests::test_write_plan_content ... ok
test infrastructure::fileio::plan_writer::tests::test_write_plan_creates_file ... ok
test infrastructure::fileio::architecture_parser::tests::test_parse_inline_components ... ok
test infrastructure::fileio::architecture_parser::tests::test_parse_nested_sections ... ok
test infrastructure::fileio::architecture_parser::tests::test_parse_complex_document ... ok
test infrastructure::fileio::plan_writer::tests::test_write_plan_creates_parent_directories ... ok
test infrastructure::fileio::architecture_parser::tests::test_parse_sections ... ok
test infrastructure::fileio::architecture_parser::tests::test_parse_requirements ... ok
test infrastructure::ollama::client::tests::test_client_creation_with_invalid_config ... ok
test infrastructure::fileio::tests::test_writer_creation ... ok
test infrastructure::fileio::architecture_parser::tests::test_parse_description ... ok
test infrastructure::fileio::architecture_parser::tests::test_parse_title ... ok
test infrastructure::ollama::client::tests::test_generate_options_with_both_parameters ... ok
test infrastructure::ollama::client::tests::test_generate_options_with_num_predict_only ... ok
test infrastructure::fileio::architecture_parser::tests::test_parse_with_dash_separator ... ok
test infrastructure::ollama::client::tests::test_generate_request_serialization_full ... ok
test infrastructure::ollama::client::tests::test_generate_options_with_temperature_only ... ok
test infrastructure::ollama::client::tests::test_generate_request_serialization_with_temperature_only ... ok
test infrastructure::ollama::client::tests::test_generate_request_serialization_minimal ... ok
test infrastructure::ollama::client::tests::test_generate_response_deserialization_complete ... ok
test infrastructure::fileio::plan_writer::tests::test_write_plan_overwrites_existing ... ok
test infrastructure::ollama::client::tests::test_list_models_response_deserialization_empty ... ok
test infrastructure::ollama::client::tests::test_generate_response_deserialization_empty ... ok
test infrastructure::ollama::client::tests::test_list_models_response_deserialization_multiple ... ok
test infrastructure::ollama::client::tests::test_generate_response_deserialization_partial ... ok
test infrastructure::ollama::client::tests::test_list_models_response_deserialization_single ... ok
test infrastructure::ollama::client::tests::test_list_models_response_deserialization_with_metadata ... ok
test infrastructure::ollama::client::tests::test_model_info_serialization_full ... ok
test infrastructure::ollama::client::tests::test_model_info_deserialization ... ok
test infrastructure::ollama::client::tests::test_model_info_serialization_minimal ... ok
test infrastructure::ollama::config::tests::test_builder_pattern ... ok
test infrastructure::ollama::config::tests::test_clone ... ok
test infrastructure::ollama::config::tests::test_debug ... ok
test infrastructure::ollama::config::tests::test_default_config ... ok
test infrastructure::ollama::config::tests::test_deserialization ... ok
test infrastructure::ollama::config::tests::test_equality ... ok
test infrastructure::ollama::config::tests::test_new_config ... ok
test infrastructure::ollama::config::tests::test_serialization ... ok
test infrastructure::ollama::config::tests::test_timeout_duration ... ok
test infrastructure::ollama::config::tests::test_validate_empty_base_url ... ok
test infrastructure::ollama::config::tests::test_validate_empty_model ... ok
test infrastructure::ollama::config::tests::test_validate_valid_config ... ok
test infrastructure::ollama::config::tests::test_validate_zero_max_tokens ... ok
test infrastructure::ollama::config::tests::test_validate_zero_timeout ... ok
test infrastructure::ollama::config::tests::test_with_base_url ... ok
test infrastructure::ollama::config::tests::test_with_default_model ... ok
test infrastructure::ollama::config::tests::test_with_max_retries ... ok
test infrastructure::fileio::tests::test_module_exports ... ok
test infrastructure::ollama::config::tests::test_with_max_tokens ... ok
test infrastructure::ollama::config::tests::test_with_temperature ... ok
test infrastructure::ollama::config::tests::test_with_temperature_clamping ... ok
test infrastructure::ollama::config::tests::test_with_timeout_seconds ... ok
test infrastructure::ollama::error::tests::test_config_error ... ok
test infrastructure::ollama::error::tests::test_debug_implementation ... ok
test infrastructure::ollama::error::tests::test_display_implementation ... ok
test infrastructure::ollama::error::tests::test_error_trait_implementation ... ok
test infrastructure::fileio::tests::test_parser_creation ... ok
test infrastructure::ollama::error::tests::test_from_serde_json_error ... ok
test infrastructure::ollama::error::tests::test_http_error_creation ... ok
test infrastructure::ollama::error::tests::test_generation_error ... ok
test infrastructure::ollama::error::tests::test_invalid_response_error ... ok
test infrastructure::ollama::error::tests::test_is_not_retryable_config ... ok
test infrastructure::ollama::error::tests::test_is_not_retryable_model_not_found ... ok
test infrastructure::ollama::error::tests::test_is_retryable_rate_limit ... ok
test infrastructure::ollama::error::tests::test_is_retryable_service_unavailable ... ok
test infrastructure::ollama::error::tests::test_is_retryable_timeout ... ok
test infrastructure::ollama::error::tests::test_json_error ... ok
test infrastructure::ollama::error::tests::test_model_not_found_error ... ok
test infrastructure::ollama::error::tests::test_service_unavailable_error ... ok
test infrastructure::ollama::error::tests::test_timeout_error ... ok
test infrastructure::ollama::tests::test_module_exports ... ok
test markdown::cleaner::tests::test_add_code_fence_languages_bare_fence ... ok
test markdown::cleaner::tests::test_add_code_fence_languages_multiple_blocks ... ok
test markdown::cleaner::tests::test_add_code_fence_languages_with_language ... ok
test markdown::cleaner::tests::test_fix_ordered_lists_correct_already ... ok
test markdown::cleaner::tests::test_clean_full_pipeline ... ok
test markdown::cleaner::tests::test_fix_ordered_lists_nested ... ok
test markdown::cleaner::tests::test_fix_ordered_lists_simple ... ok
test markdown::cleaner::tests::test_fix_ordered_lists_with_text_between ... ok
test markdown::cleaner::tests::test_normalize_line_endings_cr ... ok
test markdown::cleaner::tests::test_normalize_line_endings_crlf ... ok
test markdown::cleaner::tests::test_parse_ordered_list_item_invalid ... ok
test markdown::cleaner::tests::test_parse_ordered_list_item_valid ... ok
test markdown::cleaner::tests::test_remove_trailing_whitespace ... ok
test parser::agents::tests::test_document_display_trait ... ok
test parser::agents::tests::test_document_to_string ... ok
test parser::agents::tests::test_empty_document ... ok
test parser::agents::tests::test_extract_sections ... ok
test parser::agents::tests::test_find_section ... ok
test parser::agents::tests::test_handle_malformed_sections ... ok
test parser::agents::tests::test_identify_section_boundaries ... ok
test parser::agents::tests::test_nested_sections ... ok
test parser::agents::tests::test_parse_agents_file ... ok
test parser::agents::tests::test_section_body ... ok
test parser::agents::tests::test_section_header ... ok
test parser::agents::tests::test_section_new ... ok
test plans::embedded::tests::test_embedded_template_to_plan_template ... ok
test plans::embedded::tests::test_embedded_templates_exist ... ok
test plans::embedded::tests::test_get_plan_template ... ok
test plans::embedded::tests::test_list_by_category ... ok
test plans::embedded::tests::test_list_templates ... ok
test plans::embedded::tests::test_load_embedded_template ... ok
test plans::embedded::tests::test_template_category_as_str ... ok
test plans::embedded::tests::test_template_exists ... ok
test plans::embedded::tests::test_template_metadata_parsing ... ok
test plans::embedded::tests::test_template_not_found_error ... ok
test plans::structures::tests::test_architecture_plan_add_items ... ok
test plans::structures::tests::test_architecture_plan_new ... ok
test plans::structures::tests::test_architecture_plan_structure ... ok
test plans::structures::tests::test_implementation_plan_add_phases ... ok
test plans::structures::tests::test_implementation_plan_get_phase ... ok
test plans::structures::tests::test_implementation_plan_new ... ok
test plans::structures::tests::test_implementation_plan_structure ... ok
test plans::structures::tests::test_phase_new ... ok
test plans::structures::tests::test_phase_with_sections ... ok
test plans::structures::tests::test_plan_metadata_new ... ok
test plans::structures::tests::test_plan_metadata_with_description ... ok
test plans::structures::tests::test_plan_section_new ... ok
test plans::structures::tests::test_plan_section_with_tasks ... ok
test plans::structures::tests::test_plan_section_serde ... ok
test plans::structures::tests::test_plan_template_new ... ok
test plans::structures::tests::test_plan_template_validate_placeholders ... ok
test plans::structures::tests::test_template_rust_binary ... ok
test plans::structures::tests::test_template_serialization ... ok
test prompts::context::tests::test_extract_deliverables_with_description ... ok
test prompts::context::tests::test_extract_deliverables_without_description ... ok
test prompts::context::tests::test_extract_section_purpose ... ok
test prompts::context::tests::test_extract_section_purpose_empty_tasks ... ok
test prompts::context::tests::test_extractor_new ... ok
test prompts::context::tests::test_extractor_with_all_rules ... ok
test prompts::context::tests::test_extractor_with_full_architecture ... ok
test prompts::context::tests::test_generate_documentation_filename ... ok
test prompts::context::tests::test_get_all_rules ... ok
test prompts::context::tests::test_get_core_rules ... ok
test prompts::context::tests::test_section_involves_code ... ok
test prompts::context::tests::test_infer_file_description ... ok
test prompts::context::tests::test_sanitize_test_name ... ok
test prompts::context::tests::test_section_involves_configuration ... ok
test prompts::context::tests::test_section_involves_documentation ... ok
test prompts::generator::tests::test_format_filename ... ok
test prompts::generator::tests::test_build_context_from_section ... ok
test prompts::generator::tests::test_generator_config_default ... ok
test prompts::generator::tests::test_generator_new_creates_output_dir ... ok
test prompts::generator::tests::test_set_jira_issue ... ok
test prompts::generator::tests::test_set_project_metadata ... ok
test prompts::progress::tests::test_is_completed_returns_false_for_uncompleted ... ok
test prompts::progress::tests::test_complete_marks_section ... ok
test prompts::progress::tests::test_initialize_sets_state ... ok
test prompts::progress::tests::test_completion_percentage_calculation ... ok
test prompts::progress::tests::test_complete_prevents_duplicates ... ok
test prompts::progress::tests::test_next_section_returns_next ... ok
test prompts::progress::tests::test_progress_state_default ... ok
test prompts::progress::tests::test_reset_clears_progress ... ok
test plans::parser::tests::test_extract_sections ... ok
test prompts::progress::tests::test_next_section_returns_none_at_end ... ok
test prompts::progress::tests::test_tracker_new_creates_default_state ... ok
test prompts::progress::tests::test_set_current_updates_section ... ok
test plans::parser::tests::test_parse_implementation_plan ... ok
test prompts::progress::tests::test_stats_returns_correct_values ... ok
test plans::parser::tests::test_parse_deliverables ... ok
test plans::parser::tests::test_handle_malformed_markdown ... ok
test prompts::progress::tests::test_save_and_load_state ... ok
test plans::parser::tests::test_parse_acceptance_criteria ... ok
test plans::parser::tests::test_extract_phases ... ok
test config::project::tests::test_config_update ... ok
test plans::parser::tests::test_parse_architecture_plan ... ok
test core::tests::test_project_config_touch ... ok
test prompts::template::tests::test_load_embedded_section_prompt ... ok
test prompts::template::tests::test_load_embedded_unknown_template ... ok
test prompts::template::tests::test_render_additional_rules_with_data ... ok
test prompts::template::tests::test_render_deliverable_files ... ok
test prompts::template::tests::test_render_task_list ... ok
test prompts::template::tests::test_simple_placeholder_replacement ... ok
test prompts::template::tests::test_template_new ... ok
test templates::loader::tests::test_list_templates_nonexistent_directory ... ok
test templates::loader::tests::test_list_templates_empty_directory ... ok
test templates::loader::tests::test_list_templates ... ok
test templates::loader::tests::test_list_templates_ignores_non_toml_files ... ok
test templates::loader::tests::test_clear_cache ... ok
test templates::loader::tests::test_load_template_invalid_toml ... ok
test templates::loader::tests::test_load_template_caching ... ok
test templates::loader::tests::test_load_all_templates ... ok
test prompts::template::tests::test_render_additional_rules_empty ... ok
test templates::loader::tests::test_load_template_not_found ... ok
test templates::loader::tests::test_template_loader_default ... ok
test templates::loader::tests::test_template_loader_new ... ok
test templates::loader::tests::test_template_loader_with_directory ... ok
test templates::loader::tests::test_load_template_success ... ok
test templates::renderer::tests::test_render_complex_template ... ok
test templates::renderer::tests::test_render_default_value ... ok
test templates::renderer::tests::test_render_default_value_when_present ... ok
test templates::renderer::tests::test_render_empty_placeholder ... ok
test templates::renderer::tests::test_render_kebab_case_from_underscores ... ok
test templates::loader::tests::test_template_with_optional_components ... ok
test templates::renderer::tests::test_render_kebab_case_transformation ... ok
test templates::loader::tests::test_template_with_ordering ... ok
test templates::loader::tests::test_template_with_metadata ... ok
test templates::renderer::tests::test_render_no_placeholders ... ok
test templates::renderer::tests::test_render_simple_placeholder ... ok
test templates::renderer::tests::test_render_snake_case_from_spaces ... ok
test templates::renderer::tests::test_render_missing_placeholder ... ok
test templates::renderer::tests::test_render_unclosed_placeholder ... ok
test templates::renderer::tests::test_render_unknown_transformation ... ok
test templates::renderer::tests::test_render_uppercase_transformation ... ok
test templates::renderer::tests::test_render_lowercase_transformation ... ok
test templates::renderer::tests::test_renderer_empty ... ok
test templates::renderer::tests::test_renderer_values ... ok
test templates::renderer::tests::test_to_kebab_case_variations ... ok
test templates::renderer::tests::test_to_snake_case_variations ... ok
test templates::resolution::tests::test_default_templates_dir_with_home ... ok
test templates::renderer::tests::test_renderer_is_empty ... ok
test templates::resolution::tests::test_default_templates_dir_without_home ... ok
test templates::resolution::tests::test_custom_dir_takes_precedence ... ok
test templates::renderer::tests::test_renderer_new ... ok
test templates::renderer::tests::test_renderer_set_and_get ... ok
test templates::renderer::tests::test_render_multiple_placeholders ... ok
test templates::resolution::tests::test_resolve_with_custom_dir_nonexistent ... ok
test templates::resolution::tests::test_resolve_with_custom_dir_existing ... ok
test templates::renderer::tests::test_render_snake_case_transformation ... ok
test templates::resolution::tests::test_resolve_fallback_to_embedded ... ok
test templates::resolution::tests::test_resolve_with_env_var ... ok
test templates::tests::test_template_add_component ... ok
test templates::resolution::tests::test_resolve_with_xdg_data_home ... ok
test templates::tests::test_template_component_new ... ok
test templates::tests::test_template_component_with_order ... ok
test templates::tests::test_template_component_with_required ... ok
test templates::tests::test_template_component_serde ... ok
test templates::tests::test_template_new ... ok
test templates::tests::test_template_optional_components ... ok
test templates::tests::test_template_required_components ... ok
test templates::tests::test_template_sorted_components ... ok
test templates::tests::test_template_validate_no_components ... ok
test templates::tests::test_template_validate_empty_description ... ok
test templates::tests::test_template_validate_empty_name ... ok
test templates::tests::test_template_with_version ... ok
test templates::tests::test_template_validate_success ... ok
test templates::tests::test_template_serde ... ok
test templates::validator::tests::test_validate_components_without_loader ... ok
test templates::validator::tests::test_validate_full_invalid_structure ... ok
test templates::validator::tests::test_validate_full_without_loader ... ok
test templates::validator::tests::test_validate_ordering_duplicate ... ok
test templates::validator::tests::test_validate_ordering_no_order ... ok
test templates::validator::tests::test_validate_required_components_none_required ... ok
test templates::validator::tests::test_validate_required_components_success ... ok
test templates::validator::tests::test_validate_structure_empty_description ... ok
test templates::validator::tests::test_validate_structure_empty_name ... ok
test templates::validator::tests::test_validate_structure_no_components ... ok
test templates::validator::tests::test_validate_ordering_valid ... ok
test templates::validator::tests::test_validate_structure_success ... ok
test validator::size::tests::test_size_report_creation ... ok
test validator::size::tests::test_size_report_format ... ok
test validator::size::tests::test_size_validation_error ... ok
test validator::size::tests::test_size_validation_ok ... ok
test validator::size::tests::test_size_validation_warning ... ok
test validator::size::tests::test_size_validator_default ... ok
test templates::validator::tests::test_validator_default ... ok
test templates::validator::tests::test_validator_new ... ok
test templates::validator::tests::test_validator_without_components ... ok
test validator::size::tests::test_count_lines_empty ... ok
test validator::size::tests::test_count_lines_non_empty ... ok
test validator::size::tests::test_display_category_with_tier ... ok
test validator::size::tests::test_display_category_without_tier ... ok
test validator::size::tests::test_get_limit_for_category ... ok
test validator::size::tests::test_size_limits_default ... ok
test validator::size::tests::test_status_message_error ... ok
test validator::size::tests::test_status_message_ok ... ok
test validator::size::tests::test_status_message_warning ... ok
test validator::size::tests::test_validate_total_error ... ok
test validator::size::tests::test_validate_content_success ... ok
test validator::size::tests::test_validate_total_success ... ok
test validator::size::tests::test_warn_at_threshold ... ok
test validator::size::tests::test_validate_tool_essential ... ok
test validator::size::tests::test_validate_content_warning ... ok
test validator::size::tests::test_validate_content_error ... ok
test validator::size::tests::test_size_validator_implements_default_trait ... ok
test validator::size::tests::test_validate_tool_comprehensive ... ok
test infrastructure::ollama::plan_generator::tests::test_extract_json_plain ... ok
test infrastructure::ollama::plan_generator::tests::test_convert_task ... ok
test infrastructure::ollama::plan_generator::tests::test_extract_json_no_json ... ok
test infrastructure::ollama::plan_generator::tests::test_convert_phase ... ok
test infrastructure::ollama::client::tests::test_client_debug_format ... ok
test infrastructure::ollama::plan_generator::tests::test_extract_json_from_code_block ... ok
test infrastructure::ollama::client::tests::test_client_timeout_custom ... ok
test infrastructure::ollama::client::tests::test_client_creation_with_valid_config ... ok
test infrastructure::ollama::client::tests::test_client_clone_preserves_config ... ok
test infrastructure::ollama::tests::test_generator_creation ... ok
test infrastructure::ollama::plan_generator::tests::test_generator_with_config ... ok
test infrastructure::ollama::plan_generator::tests::test_generator_creation ... ok
test infrastructure::ollama::plan_generator::tests::test_build_prompt ... ok
test infrastructure::ollama::client::tests::test_client_creation_with_custom_base_url ... ok
test infrastructure::ollama::tests::test_client_creation ... ok
test infrastructure::ollama::client::tests::test_client_timeout_default ... ok
test infrastructure::ollama::client::tests::test_client_base_url_default ... ok

test result: ok. 689 passed; 0 failed; 0 ignored; 0 measured; 0 filtered out; finished in 0.04s

     Running unittests src/main.rs (target/debug/deps/xzagentz-9d3f58b5f59c94f9)

running 4 tests
test tests::test_run_create_command ... ok
test tests::test_run_list_templates ... ok
test tests::test_run_init_dry_run ... ok
test tests::test_run_list_components ... ok

test result: ok. 4 passed; 0 failed; 0 ignored; 0 measured; 0 filtered out; finished in 0.00s

     Running tests/core_components_test.rs (target/debug/deps/core_components_test-057a2bfe5051ebf1)

running 17 tests
test test_critical_rules_has_valid_frontmatter ... ok
test test_component_stays_within_size_limits ... ok
test test_all_components_parse_without_errors ... ok
test test_error_handling_has_valid_frontmatter ... ok
test test_testing_standards_has_valid_frontmatter ... ok
test test_metadata_validation_passes ... ok
test test_critical_rules_renders_for_rust ... ok
test test_critical_rules_renders_for_python ... ok
test test_critical_rules_renders_for_golang ... ok
test test_critical_rules_renders_for_typescript ... ok
test test_error_handling_renders_for_rust ... ok
test test_error_handling_renders_for_python ... ok
test test_language_sections_are_properly_closed ... ok
test test_testing_standards_renders_for_rust ... ok
test test_testing_standards_renders_for_python ... ok
test test_error_handling_renders_for_golang ... ok
test test_agnostic_sections_render_for_all_languages ... ok

test result: ok. 17 passed; 0 failed; 0 ignored; 0 measured; 0 filtered out; finished in 0.00s

     Running tests/embedded_resources.rs (target/debug/deps/embedded_resources-aa3430d05853c88e)

running 22 tests
test test_embedded_resources_default_creates_instance ... ok
test test_embedded_resources_new_creates_instance ... ok
test test_component_content_immutable ... ok
test test_get_component_existing_returns_content ... ok
test test_get_component_nonexistent_returns_none ... ok
test test_get_template_existing_returns_content ... ok
test test_get_template_nonexistent_returns_none ... ok
test test_has_component_existing_returns_true ... ok
test test_has_component_nonexistent_returns_false ... ok
test test_extract_templates_to_creates_files ... ok
test test_has_template_existing_returns_true ... ok
test test_has_template_nonexistent_returns_false ... ok
test test_list_components_consistent_across_calls ... ok
test test_list_templates_consistent_across_calls ... ok
test test_list_components_returns_paths ... ok
test test_list_templates_returns_paths ... ok
test test_template_content_immutable ... ok
test test_extract_preserves_directory_structure ... ok
test test_extract_creates_parent_directories ... ok
test test_extract_components_to_creates_files ... ok
test test_extract_all_to_creates_both_components_and_templates ... ok
test test_extract_to_existing_directory_succeeds ... ok

test result: ok. 22 passed; 0 failed; 0 ignored; 0 measured; 0 filtered out; finished in 0.00s

     Running tests/general_components_test.rs (target/debug/deps/general_components_test-6dbd41a0da16ae69)

running 26 tests
test test_development_component_metadata_parsing ... ok
test test_documentation_component_metadata_parsing ... ok
test test_general_components_category_consistency ... ok
test test_general_components_have_required_sections ... ok
test test_general_components_language_coverage ... ok
test test_testing_component_metadata_parsing ... ok
test test_general_components_size_compliance ... ok
test test_general_components_version_consistency ... ok
test test_testing_component_rust_rendering ... ok
test test_documentation_component_rust_rendering ... ok
test test_testing_component_bash_rendering ... ok
test test_documentation_component_golang_rendering ... ok
test test_documentation_component_bash_rendering ... ok
test test_documentation_component_python_rendering ... ok
test test_rendered_output_contains_no_language_markers ... ok
test test_testing_component_python_rendering ... ok
test test_documentation_component_typescript_rendering ... ok
test test_development_component_golang_rendering ... ok
test test_testing_component_typescript_rendering ... ok
test test_testing_component_golang_rendering ... ok
test test_development_component_python_rendering ... ok
test test_development_component_typescript_rendering ... ok
test test_development_component_rust_rendering ... ok
test test_development_component_bash_rendering ... ok
test test_general_components_agnostic_sections_in_all_renders ... ok
test test_general_components_language_sections_closed ... ok

test result: ok. 26 passed; 0 failed; 0 ignored; 0 measured; 0 filtered out; finished in 0.02s

     Running tests/implementation_integration_tests.rs (target/debug/deps/implementation_integration_tests-9f53ebbabe83f11f)

running 9 tests
test test_app_config_integration_with_implementation_command ... ok
test test_implementation_command_ollama_service_unavailable ... ok
test test_implementation_command_with_model_not_found ... ok
test test_implementation_command_with_invalid_architecture_file ... FAILED
test test_implementation_command_with_retry_logic ... FAILED
test test_implementation_command_end_to_end_with_mocked_ollama ... FAILED
test test_implementation_command_with_custom_options ... ok
test test_implementation_command_with_invalid_json_response ... ok
test test_implementation_command_with_connection_timeout ... ok

failures:

---- test_implementation_command_with_invalid_architecture_file stdout ----

thread 'test_implementation_command_with_invalid_architecture_file' panicked at tests/implementation_integration_tests.rs:278:5:
assertion failed: error_message.contains("Failed to parse") ||
    error_message.contains("No such file")
note: run with `RUST_BACKTRACE=1` environment variable to display a backtrace

---- test_implementation_command_with_retry_logic stdout ----

thread 'test_implementation_command_with_retry_logic' panicked at tests/implementation_integration_tests.rs:505:5:
assertion failed: result.is_ok()

---- test_implementation_command_end_to_end_with_mocked_ollama stdout ----

thread 'test_implementation_command_end_to_end_with_mocked_ollama' panicked at /home/bsmith/.cargo/registry/src/index.crates.io-1949cf8c6b5b557f/wiremock-0.5.22/src/mock_server/exposed_server.rs:362:17:
Verifications failed:
- Mock #0.
	Expected range of matching incoming requests: 1 <= x
	Number of matched incoming requests: 0

Received requests:
- Request #1
	POST http://localhost/api/generate
content-type: application/json
accept: */*
host: 127.0.0.1:39385
content-length: 1604
{"model":"llama3.2:3b","prompt":"You are an expert software architect and project planner. Your task is to create a detailed implementation plan based on the provided architecture document.\n\n# Architecture Document\n\n**Title**: Test Project Architecture\n\n**Description**: \n\n## Requirements\n\n\n## Components\n\n\n# Task\n\nCreate a detailed implementation plan with exactly 3 phases. Each phase should:\n1. Have a clear name and description\n2. List specific tasks with acceptance criteria\n3. Define dependencies on previous phases\n4. Estimate duration\n\n# Output Format\n\nRespond with a JSON object matching this structure:\n\n{\n  \"title\": \"Implementation Plan for [Project Name]\",\n  \"description\": \"Brief overview of the implementation approach\",\n  \"phases\": [\n    {\n      \"id\": \"phase-1\",\n      \"name\": \"Phase name\",\n      \"description\": \"What this phase accomplishes\",\n      \"tasks\": [\n        {\n          \"name\": \"Task name\",\n          \"description\": \"Task description\",\n          \"acceptance_criteria\": [\"Criterion 1\", \"Criterion 2\"],\n          \"components\": [\"Component 1\", \"Component 2\"]\n        }\n      ],\n      \"dependencies\": [],\n      \"estimated_duration\": \"X days/weeks\"\n    }\n  ]\n}\n\nEnsure the plan is:\n- Practical and implementable\n- Properly sequenced (later phases can depend on earlier ones)\n- Comprehensive (covers all requirements and components)\n- Well-structured (each phase is cohesive)\n\nGenerate the implementation plan now.","stream":false,"options":{"temperature":0.7,"num_predict":8192}}



failures:
    test_implementation_command_end_to_end_with_mocked_ollama
    test_implementation_command_with_invalid_architecture_file
    test_implementation_command_with_retry_logic

test result: FAILED. 6 passed; 3 failed; 0 ignored; 0 measured; 0 filtered out; finished in 1.01s

error: test failed, to rerun pass `--test implementation_integration_tests`
